Microchip MPLAB XC8 Compiler V2.36

Linker command line:

-W-3 --edf=/opt/microchip/xc8/v2.36/pic/dat/en_msgs.txt -cn \
  -h+dist/default/production/Car_Block_Box.X.production.sym \
  --cmf=dist/default/production/Car_Block_Box.X.production.cmf -z -Q16F877A \
  -o/tmp/xcXKFEPLg --defsym=__MPLAB_BUILD=1 \
  -Mdist/default/production/Car_Block_Box.X.production.map \
  --md=/tmp/xcXoIgFfI.dat -E1 -ver=XC8 Compiler --acfsm=1493 \
  -ACODE=00h-07FFhx4 -ASTRCODE=00h-01FFFh -ASTRING=00h-0FFhx32 \
  -ACONST=00h-0FFhx32 -AENTRY=00h-0FFhx32 -ACOMMON=070h-07Fh \
  -ABANK0=020h-06Fh -ABANK1=0A0h-0EFh -ABANK2=0110h-016Fh \
  -ABANK3=0190h-01EFh -ARAM=020h-06Fh,0A0h-0EFh,0110h-016Fh,0190h-01EFh \
  -AABS1=020h-07Fh,0A0h-0EFh,0110h-016Fh,0190h-01EFh -ASFR0=00h-01Fh \
  -ASFR1=080h-09Fh -ASFR2=0100h-010Fh -ASFR3=0180h-018Fh \
  -ACONFIG=02007h-02007h -DCONFIG=2 -AIDLOC=02000h-02003h -DIDLOC=2 \
  -AEEDATA=00h-0FFh/02100h -peeprom_data=EEDATA -DEEDATA=2 -DCODE=2 \
  -DSTRCODE=2 -DSTRING=2 -DCONST=2 -DENTRY=2 \
  -preset_vec=00h,intentry=04h,init,end_init -ppowerup=CODE -pcinit=CODE \
  -pfunctab=ENTRY -k /tmp/xcXmClJLA.o \
  dist/default/production/Car_Block_Box.X.production.o 

Object code version is 3.11

Machine type is 16F877A



                Name                               Link     Load   Length Selector   Space Scale
/tmp/xcXmClJLA.o
                end_init                              C        C        3        8       0
                reset_vec                             0        0        3        0       0
                config                             2007     2007        1        0       4
dist/default/production/Car_Block_Box.X.production.o
                cinit                                 F        F       22        8       0
                intentry                              4        4        8        8       0
                maintext_split_1                    800      800      800     1000       0
                config                             2007     2007        1        0       4
                text41                             1E70     1E70       22     3CE0       0
                text40                              5EB      5EB      1DD        8       0
                text39                             1F25     1F25       29     3E4A       0
                text38                               31       31      361        8       0
                text37                             1439     1439       7C     2872       0
                text36                             1677     1677       BC     2CEE       0
                text35                              7C8      7C8       36        8       0
                text34                             1FD1     1FD1       2F     3FA2       0
                text33                             1DD8     1DD8       11     3BB0       0
                text32                             1DBB     1DBB        D     3B76       0
                text31                             1E92     1E92       23     3D24       0
                text30                             1D73     1D73        9     3AE6       0
                text29                             1D7C     1D7C        9     3AF8       0
                text28                             1D8F     1D8F        B     3B1E       0
                text27                             1D9A     1D9A        B     3B34       0
                text26                             1F77     1F77       2D     3EEE       0
                text25                             15CB     15CB       AC     2B96       0
                text24                             1F4E     1F4E       29     3E9C       0
                text23                             153A     153A       91     2A74       0
                text22                             13D0     13D0       69     27A0       0
                text21                             12AC     12AC       59     2558       0
                text20                             125C     125C       50     24B8       0
                text19                             14B5     14B5       85     296A       0
                text18                             1FA4     1FA4       2D     3F48       0
                text17                             1EFE     1EFE       27     3DFC       0
                text16                             1D6C     1D6C        7     3AD8       0
                text15                             1305     1305       63     260A       0
                text14                             1DA5     1DA5        B     3B4A       0
                text13                             1E15     1E15       1E     3C2A       0
                text12                             1DFC     1DFC       19     3BF8       0
                text11                             1368     1368       68     26D0       0
                text10                             11F1     11F1       32     23E2       0
                text9                              1DC8     1DC8       10     3B90       0
                text8                              1D85     1D85        A     3B0A       0
                text7                              11C1     11C1       30     2382       0
                text6                              1223     1223       39     2446       0
                text5                              1E51     1E51       1F     3CA2       0
                text4                              1DB0     1DB0        B     3B60       0
                text3                              1ED8     1ED8       26     3DB0       0
                text2                              1E33     1E33       1E     3C66       0
                text1                              1733     1733       CD     2E66       0
                maintext                            392      392      259        8       0
                cstackBANK0                          20       20       50       20       1
                cstackCOMMON                         70       70        A       70       1
                cstackBANK1                          A0       A0       50       A0       1
                cstackBANK3                         190      190       2E      190       1
                inittext                           1DE9     1DE9       13     3BD2       0
                dataBANK3                           1BE      1BE       23      190       1
                bssBANK3                            1E1      1E1        C      190       1
                bssCOMMON                            7A       7A        2       70       1
                stringtext                         1000     1000      1BF       20       0
                strings                            1800     1800       12     3000       0
                idataBANK3                         1EB5     1EB5       23     3D6A       0

TOTAL           Name                               Link     Load   Length     Space
        CLASS   CODE           
                end_init                              C        C        3         0
                cinit                                 F        F       22         0
                intentry                              4        4        8         0
                reset_vec                             0        0        3         0
                maintext_split_1                    800      800      800         0
                text41                             1E70     1E70       22         0
                text40                              5EB      5EB      1DD         0
                text39                             1F25     1F25       29         0
                text38                               31       31      361         0
                text37                             1439     1439       7C         0
                text36                             1677     1677       BC         0
                text35                              7C8      7C8       36         0
                text34                             1FD1     1FD1       2F         0
                text33                             1DD8     1DD8       11         0
                text32                             1DBB     1DBB        D         0
                text31                             1E92     1E92       23         0
                text30                             1D73     1D73        9         0
                text29                             1D7C     1D7C        9         0
                text28                             1D8F     1D8F        B         0
                text27                             1D9A     1D9A        B         0
                text26                             1F77     1F77       2D         0
                text25                             15CB     15CB       AC         0
                text24                             1F4E     1F4E       29         0
                text23                             153A     153A       91         0
                text22                             13D0     13D0       69         0
                text21                             12AC     12AC       59         0
                text20                             125C     125C       50         0
                text19                             14B5     14B5       85         0
                text18                             1FA4     1FA4       2D         0
                text17                             1EFE     1EFE       27         0
                text16                             1D6C     1D6C        7         0
                text15                             1305     1305       63         0
                text14                             1DA5     1DA5        B         0
                text13                             1E15     1E15       1E         0
                text12                             1DFC     1DFC       19         0
                text11                             1368     1368       68         0
                text10                             11F1     11F1       32         0
                text9                              1DC8     1DC8       10         0
                text8                              1D85     1D85        A         0
                text7                              11C1     11C1       30         0
                text6                              1223     1223       39         0
                text5                              1E51     1E51       1F         0
                text4                              1DB0     1DB0        B         0
                text3                              1ED8     1ED8       26         0
                text2                              1E33     1E33       1E         0
                text1                              1733     1733       CD         0
                maintext                            392      392      259         0
                inittext                           1DE9     1DE9       13         0
                idataBANK3                         1EB5     1EB5       23         0

        CLASS   STRCODE        
                stringtext                         1000     1000      1BF         0

        CLASS   STRING         
                strings                            1800     1800       12         0

        CLASS   CONST          

        CLASS   ENTRY          

        CLASS   COMMON         
                cstackCOMMON                         70       70        A         1
                bssCOMMON                            7A       7A        2         1

        CLASS   BANK0          
                cstackBANK0                          20       20       50         1

        CLASS   BANK1          
                cstackBANK1                          A0       A0       50         1

        CLASS   BANK2          

        CLASS   BANK3          
                cstackBANK3                         190      190       2E         1
                dataBANK3                           1BE      1BE       23         1
                bssBANK3                            1E1      1E1        C         1

        CLASS   RAM            

        CLASS   ABS1           
                abs_s1                               7E       7E        2         1

        CLASS   SFR0           

        CLASS   SFR1           

        CLASS   SFR2           

        CLASS   SFR3           

        CLASS   CONFIG         
                config                             2007     2007        1         4

        CLASS   IDLOC          

        CLASS   EEDATA         

        CLASS   STACK          



SEGMENTS        Name                           Load    Length   Top    Selector   Space  Class     Delta

                text3                          001ED8  000026  001EFE      3DB0       0  CODE        2
                text17                         001EFE  000027  001F25      3DFC       0  CODE        2
                text39                         001F25  000029  001F4E      3E4A       0  CODE        2
                idataBANK3                     001EB5  000023  001ED8      3D6A       0  CODE        2
                text5                          001E51  00001F  001E70      3CA2       0  CODE        2
                text41                         001E70  000022  001E92      3CE0       0  CODE        2
                text31                         001E92  000023  001EB5      3D24       0  CODE        2
                text24                         001F4E  000029  001F77      3E9C       0  CODE        2
                text10                         0011F1  000032  001223      23E2       0  CODE        2
                text6                          001223  000039  00125C      2446       0  CODE        2
                text20                         00125C  000050  0012AC      24B8       0  CODE        2
                text7                          0011C1  000030  0011F1      2382       0  CODE        2
                text26                         001F77  00002D  001FA4      3EEE       0  CODE        2
                text18                         001FA4  00002D  001FD1      3F48       0  CODE        2
                text34                         001FD1  00002F  002000      3FA2       0  CODE        2
                text2                          001E33  00001E  001E51      3C66       0  CODE        2
                text28                         001D8F  00000B  001D9A      3B1E       0  CODE        2
                text27                         001D9A  00000B  001DA5      3B34       0  CODE        2
                text14                         001DA5  00000B  001DB0      3B4A       0  CODE        2
                text8                          001D85  00000A  001D8F      3B0A       0  CODE        2
                text16                         001D6C  000007  001D73      3AD8       0  CODE        2
                text30                         001D73  000009  001D7C      3AE6       0  CODE        2
                text29                         001D7C  000009  001D85      3AF8       0  CODE        2
                text4                          001DB0  00000B  001DBB      3B60       0  CODE        2
                inittext                       001DE9  000013  001DFC      3BD2       0  CODE        2
                text12                         001DFC  000019  001E15      3BF8       0  CODE        2
                text13                         001E15  00001E  001E33      3C2A       0  CODE        2
                strings                        001800  000012  001812      3000       0  STRING      2
                text32                         001DBB  00000D  001DC8      3B76       0  CODE        2
                text9                          001DC8  000010  001DD8      3B90       0  CODE        2
                text33                         001DD8  000011  001DE9      3BB0       0  CODE        2
                text21                         0012AC  000059  001305      2558       0  CODE        2
                cstackBANK1                    0000A0  000050  0000F0        A0       1  BANK1       1
                reset_vec                      000000  000003  000003         0       0  CODE        2
                cstackBANK0                    000020  000050  000070        20       1  BANK0       1
                intentry                       000004  0007FA  0007FE         8       0  CODE        2
                cstackCOMMON                   000070  00000C  00007C        70       1  COMMON      1
                cstackBANK3                    000190  00005D  0001ED       190       1  BANK3       1
                text19                         0014B5  000085  00153A      296A       0  CODE        2
                text23                         00153A  000091  0015CB      2A74       0  CODE        2
                text25                         0015CB  0000AC  001677      2B96       0  CODE        2
                text37                         001439  00007C  0014B5      2872       0  CODE        2
                text15                         001305  000063  001368      260A       0  CODE        2
                text11                         001368  000068  0013D0      26D0       0  CODE        2
                text22                         0013D0  000069  001439      27A0       0  CODE        2
                text36                         001677  0000BC  001733      2CEE       0  CODE        2
                text1                          001733  0000CD  001800      2E66       0  CODE        2
                stringtext                     001000  0001BF  0011BF        20       0  STRCODE     2
                maintext_split_1               000800  000800  001000      1000       0  CODE        2


UNUSED ADDRESS RANGES

        Name                Unused          Largest block    Delta
        BANK2            00110-0016F              60           1
        BANK3            001ED-001EF               3           1
        CODE             00003-00003               1           2
                         007FE-007FF               2
                         011BF-011C0               2
                         01812-01D6B             55A
        COMMON           0007C-0007D               2           1
        CONST            00003-00003               1           2
                         007FE-007FF               2
                         011BF-011C0               2
                         01812-01D6B             100
        EEDATA           02100-021FF             100           2
        ENTRY            00003-00003               1           2
                         007FE-007FF               2
                         011BF-011C0               2
                         01812-01D6B             100
        IDLOC            02000-02003               4           2
        RAM              00110-0016F              60           1
                         001ED-001EF               3
        SFR0             00000-0001F              20           1
        SFR1             00080-0009F              20           1
        SFR2             00100-0010F              10           1
        SFR3             00180-0018F              10           1
        STRCODE          00003-00003               1           2
                         007FE-007FF               2
                         011BF-011C0               2
                         01812-01D6B             55A
        STRING           00003-00003               1           2
                         007FE-007FF               2
                         011BF-011C0               2
                         01812-01D6B             100

                                  Symbol Table

?__Umul8_16                      cstackCOMMON     00072
?___awdiv                        cstackCOMMON     00072
?___awmod                        cstackCOMMON     00072
?___fldiv                        cstackBANK0      0002E
?___flmul                        cstackBANK0      00048
?___fltol                        cstackBANK0      00062
?___lldiv                        cstackCOMMON     00072
?___xxtofl                       cstackBANK0      00020
?_check_password                 cstackBANK0      00020
?_read_adc                       cstackCOMMON     00072
_ACKDT                           (abs)            0048D
_ACKEN                           (abs)            0048C
_ACKSTAT                         (abs)            0048E
_ADCON0                          (abs)            0001F
_ADFM                            (abs)            004FF
_ADON                            (abs)            000F8
_ADRESH                          (abs)            0001E
_ADRESL                          (abs)            0009E
_CREN                            (abs)            000C4
_GIE                             (abs)            0005F
_GO                              (abs)            000FA
_PEN                             (abs)            0048A
_PORTD                           (abs)            00008
_PSA                             (abs)            0040B
_RB0                             (abs)            00030
_RB1                             (abs)            00031
_RB2                             (abs)            00032
_RCEN                            (abs)            0048B
_RCIF                            (abs)            00065
_RCREG                           (abs)            0001A
_RD0                             (abs)            00040
_RD1                             (abs)            00041
_RD2                             (abs)            00042
_RD3                             (abs)            00043
_RE1                             (abs)            00049
_RE2                             (abs)            0004A
_R_nW                            (abs)            004A2
_SEN                             (abs)            00488
_SPBRG                           (abs)            00099
_SPEN                            (abs)            000C7
_SSPADD                          (abs)            00093
_SSPBUF                          (abs)            00013
_SSPCON2                         (abs)            00091
_SSPEN                           (abs)            000A5
_SSPM3                           (abs)            000A3
_T0CS                            (abs)            0040D
_TMR0                            (abs)            00001
_TMR0IE                          (abs)            0005D
_TMR0IF                          (abs)            0005A
_TRISB                           (abs)            00086
_TRISD                           (abs)            00088
_TRISE1                          (abs)            00449
_TRISE2                          (abs)            0044A
_TXIF                            (abs)            00064
_TXREG                           (abs)            00019
__Habs1                          abs1             00000
__Hbank0                         bank0            00000
__Hbank1                         bank1            00000
__Hbank2                         bank2            00000
__Hbank3                         bank3            00000
__HbssBANK3                      bssBANK3         00000
__HbssCOMMON                     bssCOMMON        00000
__Hcinit                         cinit            00031
__Hclrtext                       clrtext          00000
__Hcode                          code             00000
__Hcommon                        common           00000
__Hconfig                        config           02008
__HcstackBANK0                   cstackBANK0      00000
__HcstackBANK1                   cstackBANK1      00000
__HcstackBANK3                   cstackBANK3      00000
__HcstackCOMMON                  cstackCOMMON     00000
__HdataBANK3                     dataBANK3        00000
__Heeprom_data                   eeprom_data      00000
__Hend_init                      end_init         0000F
__Hfunctab                       functab          00000
__HidataBANK3                    idataBANK3       00000
__Hinit                          init             0000C
__Hinittext                      inittext         00000
__Hintentry                      intentry         0000C
__Hmaintext                      maintext         00000
__Hmaintext_split_1              maintext_split_1 00000
__Hpowerup                       powerup          00000
__Hram                           ram              00000
__Hreset_vec                     reset_vec        00003
__Hsfr0                          sfr0             00000
__Hsfr1                          sfr1             00000
__Hsfr2                          sfr2             00000
__Hsfr3                          sfr3             00000
__Hspace_0                       (abs)            02000
__Hspace_1                       (abs)            001ED
__Hspace_2                       (abs)            00000
__Hspace_3                       (abs)            00000
__Hspace_4                       (abs)            0400F
__Hstack                         stack            00000
__Hstrings                       strings          00000
__Hstringtext                    stringtext       00000
__Htext                          text             00000
__Labs1                          abs1             00000
__Lbank0                         bank0            00000
__Lbank1                         bank1            00000
__Lbank2                         bank2            00000
__Lbank3                         bank3            00000
__LbssBANK3                      bssBANK3         00000
__LbssCOMMON                     bssCOMMON        00000
__Lcinit                         cinit            0000F
__Lclrtext                       clrtext          00000
__Lcode                          code             00000
__Lcommon                        common           00000
__Lconfig                        config           00000
__LcstackBANK0                   cstackBANK0      00000
__LcstackBANK1                   cstackBANK1      00000
__LcstackBANK3                   cstackBANK3      00000
__LcstackCOMMON                  cstackCOMMON     00000
__LdataBANK3                     dataBANK3        00000
__Leeprom_data                   eeprom_data      00000
__Lend_init                      end_init         0000C
__Lfunctab                       functab          00000
__LidataBANK3                    idataBANK3       00000
__Linit                          init             0000C
__Linittext                      inittext         00000
__Lintentry                      intentry         00004
__Lmaintext                      maintext         00000
__Lmaintext_split_1              maintext_split_1 00000
__Lpowerup                       powerup          00000
__Lram                           ram              00000
__Lreset_vec                     reset_vec        00000
__Lsfr0                          sfr0             00000
__Lsfr1                          sfr1             00000
__Lsfr2                          sfr2             00000
__Lsfr3                          sfr3             00000
__Lspace_0                       (abs)            00000
__Lspace_1                       (abs)            00000
__Lspace_2                       (abs)            00000
__Lspace_3                       (abs)            00000
__Lspace_4                       (abs)            00000
__Lstack                         stack            00000
__Lstrings                       strings          00000
__Lstringtext                    stringtext       00000
__Ltext                          text             00000
__S0                             (abs)            02000
__S1                             (abs)            001ED
__S3                             (abs)            00000
__Umul8_16                       text39           01F25
__Umul8_16@multiplicand          cstackCOMMON     00072
__Umul8_16@multiplier            cstackBANK0      00024
__Umul8_16@product               cstackBANK0      00020
__Umul8_16@word_mpld             cstackBANK0      00022
___awdiv                         text22           013D0
___awdiv@counter                 cstackBANK0      00020
___awdiv@dividend                cstackCOMMON     00074
___awdiv@divisor                 cstackCOMMON     00072
___awdiv@quotient                cstackBANK0      00022
___awdiv@sign                    cstackBANK0      00021
___awmod                         text21           012AC
___awmod@counter                 cstackCOMMON     00077
___awmod@dividend                cstackCOMMON     00074
___awmod@divisor                 cstackCOMMON     00072
___awmod@sign                    cstackCOMMON     00078
___fldiv                         text40           005EB
___fldiv@a                       cstackBANK0      0002E
___fldiv@aexp                    cstackBANK0      00047
___fldiv@b                       cstackBANK0      00032
___fldiv@bexp                    cstackBANK0      00046
___fldiv@grs                     cstackBANK0      00042
___fldiv@new_exp                 cstackBANK0      00040
___fldiv@rem                     cstackBANK0      0003B
___fldiv@sign                    cstackBANK0      0003F
___flmul                         text38           00031
___flmul@a                       cstackBANK0      0004C
___flmul@aexp                    cstackBANK0      00056
___flmul@b                       cstackBANK0      00048
___flmul@bexp                    cstackBANK0      0005B
___flmul@grs                     cstackBANK0      00057
___flmul@prod                    cstackBANK0      0005C
___flmul@sign                    cstackBANK0      00055
___flmul@temp                    cstackBANK0      00060
___fltol                         text37           01439
___fltol@exp1                    cstackCOMMON     00079
___fltol@f1                      cstackBANK0      00062
___fltol@sign1                   cstackCOMMON     00078
___int_sp                        stack            00000
___latbits                       (abs)            00002
___lldiv                         text11           01368
___lldiv@counter                 cstackBANK0      00025
___lldiv@dividend                cstackCOMMON     00076
___lldiv@divisor                 cstackCOMMON     00072
___lldiv@quotient                cstackBANK0      00021
___sp                            stack            00000
___stackhi                       (abs)            00000
___stacklo                       (abs)            00000
___xxtofl                        text36           01677
___xxtofl@arg                    cstackBANK0      0002A
___xxtofl@exp                    cstackBANK0      00029
___xxtofl@sign                   cstackBANK0      00028
___xxtofl@val                    cstackBANK0      00020
__end_of__Umul8_16               text39           01F4E
__end_of___awdiv                 text22           01439
__end_of___awmod                 text21           01305
__end_of___fldiv                 text40           007C8
__end_of___flmul                 text38           00392
__end_of___fltol                 text37           014B5
__end_of___lldiv                 text11           013D0
__end_of___xxtofl                text36           01733
__end_of__initialization         cinit            0002D
__end_of__stringtab              strings          01812
__end_of_check_password          text23           015CB
__end_of_clcd_print              text34           02000
__end_of_clcd_putch              text33           01DE9
__end_of_clcd_write              text35           007FE
__end_of_display                 text20           012AC
__end_of_display_time            text19           0153A
__end_of_get_time                text17           01F25
__end_of_i2c_read                text31           01EB5
__end_of_i2c_rep_start           text28           01D9A
__end_of_i2c_start               text30           01D7C
__end_of_i2c_stop                text29           01D85
__end_of_i2c_wait_for_idle       text32           01DC8
__end_of_i2c_write               text27           01DA5
__end_of_init_adc                text16           01D73
__end_of_init_clcd               text14           01DB0
__end_of_init_config             text6            0125C
__end_of_init_display_controller text15           01368
__end_of_init_ds1307             text12           01E15
__end_of_init_i2c                text10           01223
__end_of_init_matrix_keypad      text9            01DD8
__end_of_init_timer0             text8            01D8F
__end_of_init_uart               text7            011F1
__end_of_isr                     text41           01E92
__end_of_main                    maintext_split_1 01000
__end_of_read_24c02              text26           01FA4
__end_of_read_adc                text5            01E70
__end_of_read_ds1307             text18           01FD1
__end_of_read_matrix_keypad      text24           01F77
__end_of_scan_keypad             text25           01677
__end_of_uart_putchar            text4            01DBB
__end_of_uart_puts               text3            01EFE
__end_of_write_24c02             text2            01E51
__end_of_write_ds1307            text13           01E33
__end_of_write_external_eeprom   text1            01800
__initialization                 cinit            0000F
__pbssBANK3                      bssBANK3         001E1
__pbssCOMMON                     bssCOMMON        0007A
__pcstackBANK0                   cstackBANK0      00020
__pcstackBANK1                   cstackBANK1      000A0
__pcstackBANK3                   cstackBANK3      00190
__pcstackCOMMON                  cstackCOMMON     00070
__pdataBANK3                     dataBANK3        001BE
__pidataBANK3                    idataBANK3       01EB5
__pintentry                      intentry         00004
__pmaintext                      maintext         00392
__pstrings                       strings          01800
__pstringtext                    stringtext       01000
__ptext1                         text1            01733
__ptext10                        text10           011F1
__ptext11                        text11           01368
__ptext12                        text12           01DFC
__ptext13                        text13           01E15
__ptext14                        text14           01DA5
__ptext15                        text15           01305
__ptext16                        text16           01D6C
__ptext17                        text17           01EFE
__ptext18                        text18           01FA4
__ptext19                        text19           014B5
__ptext2                         text2            01E33
__ptext20                        text20           0125C
__ptext21                        text21           012AC
__ptext22                        text22           013D0
__ptext23                        text23           0153A
__ptext24                        text24           01F4E
__ptext25                        text25           015CB
__ptext26                        text26           01F77
__ptext27                        text27           01D9A
__ptext28                        text28           01D8F
__ptext29                        text29           01D7C
__ptext3                         text3            01ED8
__ptext30                        text30           01D73
__ptext31                        text31           01E92
__ptext32                        text32           01DBB
__ptext33                        text33           01DD8
__ptext34                        text34           01FD1
__ptext35                        text35           007C8
__ptext36                        text36           01677
__ptext37                        text37           01439
__ptext38                        text38           00031
__ptext39                        text39           01F25
__ptext4                         text4            01DB0
__ptext40                        text40           005EB
__ptext41                        text41           01E70
__ptext5                         text5            01E51
__ptext6                         text6            01223
__ptext7                         text7            011C1
__ptext8                         text8            01D85
__ptext9                         text9            01DC8
__stringbase                     strings          01812
__stringtab                      strings          01800
_buff                            bssBANK3         001EA
_check_password                  text23           0153A
_clcd_print                      text34           01FD1
_clcd_putch                      text33           01DD8
_clcd_write                      text35           007C8
_display                         text20           0125C
_display_time                    text19           014B5
_get_time                        text17           01EFE
_i2c_read                        text31           01E92
_i2c_rep_start                   text28           01D8F
_i2c_start                       text30           01D73
_i2c_stop                        text29           01D7C
_i2c_wait_for_idle               text32           01DBB
_i2c_write                       text27           01D9A
_init_adc                        text16           01D6C
_init_clcd                       text14           01DA5
_init_config                     text6            01223
_init_display_controller         text15           01305
_init_ds1307                     text12           01DFC
_init_i2c                        text10           011F1
_init_matrix_keypad              text9            01DC8
_init_timer0                     text8            01D85
_init_uart                       text7            011C1
_isr                             text41           01E70
_main                            maintext         00392
_nDONE                           (abs)            000FA
_nRBPU                           (abs)            0040F
_read_24c02                      text26           01F77
_read_adc                        text5            01E51
_read_ds1307                     text18           01FA4
_read_matrix_keypad              text24           01F4E
_scan_keypad                     text25           015CB
_time                            bssBANK3         001E1
_time_count_isr                  bssCOMMON        0007A
_uart_putchar                    text4            01DB0
_uart_puts                       text3            01ED8
_write_24c02                     text2            01E33
_write_ds1307                    text13           01E15
_write_external_eeprom           text1            01733
btemp                            (abs)            0007E
check_password@count             cstackBANK0      00027
check_password@key_state         cstackBANK0      00025
check_password@org_password      cstackBANK0      00024
check_password@temp_password     cstackBANK0      00026
clcd_print@addr                  cstackCOMMON     00078
clcd_print@str                   cstackCOMMON     00076
clcd_putch@addr                  cstackCOMMON     00076
clcd_putch@data                  cstackCOMMON     00077
clcd_write@byte                  cstackCOMMON     00075
clcd_write@mode                  cstackCOMMON     00072
display@adc_reg_val_speed        cstackBANK0      00024
display@i                        cstackBANK0      00026
display_time@clock_reg           cstackCOMMON     00079
end_of_initialization            cinit            0002D
get_time@clock_reg               cstackCOMMON     00079
i2c_read@ack                     cstackCOMMON     00073
i2c_read@data                    cstackCOMMON     00074
i2c_write@data                   cstackCOMMON     00072
init_ds1307@dummy                cstackCOMMON     00079
init_fetch0                      inittext         01DE9
init_i2c@baud                    cstackBANK0      00026
init_ram0                        inittext         01DED
init_uart@baud                   cstackBANK0      00026
interrupt_function               intentry         00004
intlevel0                        functab          00000
intlevel1                        functab          00000
intlevel2                        functab          00000
intlevel3                        functab          00000
intlevel4                        functab          00000
intlevel5                        functab          00000
main@F919                        dataBANK3        001D2
main@F922                        dataBANK3        001BE
main@adc_reg_val_speed           cstackBANK1      000E8
main@addr                        cstackBANK1      000C4
main@clock_reg                   cstackBANK3      001AA
main@count                       cstackBANK3      001B4
main@event_count                 cstackBANK3      001B5
main@event_idx                   cstackBANK3      001BB
main@field_select                cstackBANK3      001AE
main@gear                        cstackBANK1      000D8
main@gear_flag                   cstackBANK1      000EA
main@gear_idx                    cstackBANK3      001B7
main@i                           cstackBANK1      000EC
main@i_281                       cstackBANK3      00190
main@i_288                       cstackBANK3      001B0
main@i_305                       cstackBANK3      00194
main@i_309                       cstackBANK3      00198
main@i_313                       cstackBANK3      0019C
main@i_318                       cstackBANK3      001B1
main@j                           cstackBANK1      000EE
main@j_282                       cstackBANK3      00192
main@j_306                       cstackBANK3      00196
main@j_310                       cstackBANK3      0019A
main@j_314                       cstackBANK3      0019E
main@j_317                       cstackBANK3      001A0
main@key_level                   cstackBANK3      001AD
main@key_state                   cstackBANK3      001BD
main@key_state_301               cstackBANK0      0006F
main@log_display                 cstackBANK1      000A0
main@log_display_316             cstackBANK1      000B1
main@log_select                  cstackBANK3      001A7
main@menu_flag                   cstackBANK3      001B2
main@menu_select                 cstackBANK3      001B9
main@password_flag               cstackBANK1      000E6
main@temp_password               cstackBANK3      001A9
main@time_count_decrement        cstackBANK3      001A5
main@time_count_increment        cstackBANK3      001A3
main@time_count_increment_293    cstackBANK3      001A1
pnum$maintext                    (abs)            0000E
pnum$maintext_split_1            (abs)            0003A
psplit$0                         (abs)            E003A
read_24c02@addr                  cstackCOMMON     00076
read_24c02@data                  cstackCOMMON     00077
read_adc@adc_reg_val             cstackCOMMON     00076
read_adc@channel                 cstackCOMMON     00075
read_ds1307@addr                 cstackCOMMON     00076
read_ds1307@data                 cstackCOMMON     00077
read_matrix_keypad@key           cstackCOMMON     00076
read_matrix_keypad@mode          cstackCOMMON     00075
read_matrix_keypad@once          dataBANK3        001E0
reset_vec                        reset_vec        00000
saved_w                          (abs)            0007E
scan_keypad@i                    cstackCOMMON     00072
start                            init             0000C
start_initialization             cinit            0000F
uart_putchar@data                cstackCOMMON     00072
uart_puts@s                      cstackCOMMON     00073
write_24c02@addr                 cstackCOMMON     00074
write_24c02@data                 cstackCOMMON     00073
write_ds1307@addr                cstackCOMMON     00074
write_ds1307@data                cstackCOMMON     00073
write_external_eeprom@addr       cstackBANK0      00022
write_external_eeprom@event_idx  cstackBANK0      00020
write_external_eeprom@gear       cstackBANK0      00024
write_external_eeprom@i          cstackCOMMON     00078
wtemp0                           (abs)            0007E


MODULE INFORMATION

Module		Function		Class		Link	Load	Size
timers.c
		_init_timer0   		CODE           	1D85	0000	10

timers.c estimated size: 10

a24c02.c
		_read_24c02    		CODE           	1F77	0000	45
		_write_24c02   		CODE           	1E33	0000	30

a24c02.c estimated size: 75

matrix_keypad.c
		_init_matrix_keypad		CODE           	1DC8	0000	16
		_read_matrix_keypad		CODE           	1F4E	0000	41
		_scan_keypad   		CODE           	15CB	0000	172

matrix_keypad.c estimated size: 229

uart.c
		_init_uart     		CODE           	11C1	0000	48
		_uart_puts     		CODE           	1ED8	0000	38
		_uart_putchar  		CODE           	1DB0	0000	11

uart.c estimated size: 97

/opt/microchip/xc8/v2.36/pic/sources/c90/common/xxtofl.c
		___xxtofl      		CODE           	1677	0000	188

/opt/microchip/xc8/v2.36/pic/sources/c90/common/xxtofl.c estimated size: 188

i2c.c
		_i2c_start     		CODE           	1D73	0000	9
		_i2c_rep_start 		CODE           	1D8F	0000	11
		_i2c_write     		CODE           	1D9A	0000	11
		_i2c_stop      		CODE           	1D7C	0000	9
		_i2c_read      		CODE           	1E92	0000	35
		_init_i2c      		CODE           	11F1	0000	50
		_i2c_wait_for_idle		CODE           	1DBB	0000	13

i2c.c estimated size: 138

/opt/microchip/xc8/v2.36/pic/sources/c90/common/awmod.c
		___awmod       		CODE           	12AC	0000	89

/opt/microchip/xc8/v2.36/pic/sources/c90/common/awmod.c estimated size: 89

/opt/microchip/xc8/v2.36/pic/sources/c90/common/Umul8_16.c
		__Umul8_16     		CODE           	1F25	0000	41

/opt/microchip/xc8/v2.36/pic/sources/c90/common/Umul8_16.c estimated size: 41

ds1307.c
		_read_ds1307   		CODE           	1FA4	0000	45
		_write_ds1307  		CODE           	1E15	0000	30
		_init_ds1307   		CODE           	1DFC	0000	25

ds1307.c estimated size: 100

adc.c
		_init_adc      		CODE           	1D6C	0000	7
		_read_adc      		CODE           	1E51	0000	31

adc.c estimated size: 38

/opt/microchip/xc8/v2.36/pic/sources/c90/common/sprcmul.c
		___flmul       		CODE           	0031	0000	865

/opt/microchip/xc8/v2.36/pic/sources/c90/common/sprcmul.c estimated size: 865

/opt/microchip/xc8/v2.36/pic/sources/c90/common/sprcdiv.c
		___fldiv       		CODE           	05EB	0000	477

/opt/microchip/xc8/v2.36/pic/sources/c90/common/sprcdiv.c estimated size: 477

isr.c
		_isr           		CODE           	1E70	0000	34

isr.c estimated size: 34

shared
		__stringtab    		STRING         	1800	0000	18
		__initialization		CODE           	000F	0000	30

shared estimated size: 48

clcd.c
		_clcd_write    		CODE           	07C8	0000	54
		_clcd_print    		CODE           	1FD1	0000	47
		_clcd_putch    		CODE           	1DD8	0000	17
		_init_display_controller		CODE           	1305	0000	99
		_init_clcd     		CODE           	1DA5	0000	11

clcd.c estimated size: 228

/opt/microchip/xc8/v2.36/pic/sources/c90/common/awdiv.c
		___awdiv       		CODE           	13D0	0000	105

/opt/microchip/xc8/v2.36/pic/sources/c90/common/awdiv.c estimated size: 105

/opt/microchip/xc8/v2.36/pic/sources/c90/common/fltol.c
		___fltol       		CODE           	1439	0000	124

/opt/microchip/xc8/v2.36/pic/sources/c90/common/fltol.c estimated size: 124

/opt/microchip/xc8/v2.36/pic/sources/c90/common/__lldiv.c
		___lldiv       		CODE           	1368	0000	104

/opt/microchip/xc8/v2.36/pic/sources/c90/common/__lldiv.c estimated size: 104

main.c
		_display       		CODE           	125C	0000	80
		_display_time  		CODE           	14B5	0000	133
		_main          		CODE           	0392	0000	2649
		_get_time      		CODE           	1EFE	0000	39
		_write_external_eeprom		CODE           	1733	0000	205
		_check_password		CODE           	153A	0000	145
		_init_config   		CODE           	1223	0000	57

main.c estimated size: 3308

